0.38652,0.395309,0.21744,0.163453,0.213175,0.247083,0.20555,0.123168,0.107352,0.444061,1.49689,57.9075,2473.1,113099,5.39107e+06,2.62956e+08,1.29829e+10,6.4502e+11,3.21479e+13,1.60482e+15,8.01766e+16,4.00722e+18,2.00321e+20,1.0015e+22,5.00726e+23,2.50357e+25,1.25177e+27,6.2588e+28,3.12939e+30,1.56469e+32,7.82346e+33,3.91173e+35,1.95586e+37,9.77931e+38,4.88966e+40,2.44483e+42,1.22241e+44,6.11207e+45,3.05604e+47,1.52802e+49,7.64009e+50,3.82004e+52,1.91002e+54,9.55011e+55,4.77506e+57,2.38753e+59,1.19376e+61,5.96882e+62,2.98441e+64,1.4922e+66,
